[    0.000000] Linux version 4.15.0-159-generic (buildd@lgw01-amd64-055) (gcc version 7.5.0 (Ubuntu 7.5.0-3ubuntu1~18.04)) #167-Ubuntu SMP Tue Sep 21 08:55:05 UTC 2021 (Ubuntu 4.15.0-159.167-generic 4.15.18)
[    0.000000] Command line: BOOT_IMAGE=/boot/vmlinuz-4.15.0-159-generic root=LABEL=cloudimg-rootfs ro console=tty1 console=ttyS0
[    0.000000] KERNEL supported cpus:
[    0.000000]   Intel GenuineIntel
[    0.000000]   AMD AuthenticAMD
[    0.000000]   Centaur CentaurHauls
[    0.000000] x86/fpu: Supporting XSAVE feature 0x001: 'x87 floating point registers'
[    0.000000] x86/fpu: Supporting XSAVE feature 0x002: 'SSE registers'
[    0.000000] x86/fpu: Supporting XSAVE feature 0x004: 'AVX registers'
[    0.000000] x86/fpu: xstate_offset[2]:  576, xstate_sizes[2]:  256
[    0.000000] x86/fpu: Enabled xstate features 0x7, context size is 832 bytes, using 'standard' format.
[    0.000000] e820: BIOS-provided physical RAM map:
[    0.000000] BIOS-e820: [mem 0x0000000000000000-0x000000000009fbff] usable
[    0.000000] BIOS-e820: [mem 0x000000000009fc00-0x000000000009ffff] reserved
[    0.000000] BIOS-e820: [mem 0x00000000000f0000-0x00000000000fffff] reserved
[    0.000000] BIOS-e820: [mem 0x0000000000100000-0x000000003ffeffff] usable
[    0.000000] BIOS-e820: [mem 0x000000003fff0000-0x000000003fffffff] ACPI data
[    0.000000] BIOS-e820: [mem 0x00000000fec00000-0x00000000fec00fff] reserved
[    0.000000] BIOS-e820: [mem 0x00000000fee00000-0x00000000fee00fff] reserved
[    0.000000] BIOS-e820: [mem 0x00000000fffc0000-0x00000000ffffffff] reserved
[    0.000000] NX (Execute Disable) protection: active
[    0.000000] SMBIOS 2.5 present.
[    0.000000] DMI: innotek GmbH VirtualBox/VirtualBox, BIOS VirtualBox 12/01/2006
[    0.000000] Hypervisor detected: KVM
[    0.000000] e820: last_pfn = 0x3fff0 max_arch_pfn = 0x400000000
[    0.000000] MTRR: Disabled
[    0.000000] x86/PAT: MTRRs disabled, skipping PAT initialization too.
[    0.000000] CPU MTRRs all blank - virtualized system.
[    0.000000] x86/PAT: Configuration [0-7]: WB  WT  UC- UC  WB  WT  UC- UC  
[    0.000000] found SMP MP-table at [mem 0x0009fff0-0x0009ffff]
[    0.000000] Scanning 1 areas for low memory corruption
[    0.000000] RAMDISK: [mem 0x359cb000-0x36cdcfff]
[    0.000000] ACPI: Early table checksum verification disabled
[    0.000000] ACPI: RSDP 0x00000000000E0000 000024 (v02 VBOX  )
[    0.000000] ACPI: XSDT 0x000000003FFF0030 00003C (v01 VBOX   VBOXXSDT 00000001 ASL  00000061)
[    0.000000] ACPI: FACP 0x000000003FFF00F0 0000F4 (v04 VBOX   VBOXFACP 00000001 ASL  00000061)
[    0.000000] ACPI: DSDT 0x000000003FFF0470 002325 (v02 VBOX   VBOXBIOS 00000002 INTL 20100528)
[    0.000000] ACPI: FACS 0x000000003FFF0200 000040
[    0.000000] ACPI: FACS 0x000000003FFF0200 000040
[    0.000000] ACPI: APIC 0x000000003FFF0240 00005C (v02 VBOX   VBOXAPIC 00000001 ASL  00000061)
[    0.000000] ACPI: SSDT 0x000000003FFF02A0 0001CC (v01 VBOX   VBOXCPUT 00000002 INTL 20100528)
[    0.000000] ACPI: Reserving FACP table memory at [mem 0x3fff00f0-0x3fff01e3]
[    0.000000] ACPI: Reserving DSDT table memory at [mem 0x3fff0470-0x3fff2794]
[    0.000000] ACPI: Reserving FACS table memory at [mem 0x3fff0200-0x3fff023f]
[    0.000000] ACPI: Reserving FACS table memory at [mem 0x3fff0200-0x3fff023f]
[    0.000000] ACPI: Reserving APIC table memory at [mem 0x3fff0240-0x3fff029b]
[    0.000000] ACPI: Reserving SSDT table memory at [mem 0x3fff02a0-0x3fff046b]
[    0.000000] No NUMA configuration found
[    0.000000] Faking a node at [mem 0x0000000000000000-0x000000003ffeffff]
[    0.000000] NODE_DATA(0) allocated [mem 0x3ffc5000-0x3ffeffff]
[    0.000000] kvm-clock: cpu 0, msr 0:3ff44001, primary cpu clock
[    0.000000] kvm-clock: Using msrs 4b564d01 and 4b564d00
[    0.000000] kvm-clock: using sched offset of 6351689337 cycles
[    0.000000] clocksource: kvm-clock: mask: 0xffffffffffffffff max_cycles: 0x1cd42e4dffb, max_idle_ns: 881590591483 ns
[    0.000000] Zone ranges:
[    0.000000]   DMA      [mem 0x0000000000001000-0x0000000000ffffff]
[    0.000000]   DMA32    [mem 0x0000000001000000-0x000000003ffeffff]
[    0.000000]   Normal   empty
[    0.000000]   Device   empty
[    0.000000] Movable zone start for each node
[    0.000000] Early memory node ranges
[    0.000000]   node   0: [mem 0x0000000000001000-0x000000000009efff]
[    0.000000]   node   0: [mem 0x0000000000100000-0x000000003ffeffff]
[    0.000000] Reserved but unavailable: 104 pages
[    0.000000] Initmem setup node 0 [mem 0x0000000000001000-0x000000003ffeffff]
[    0.000000] ACPI: PM-Timer IO Port: 0x4008
[    0.000000] IOAPIC[0]: apic_id 2, version 32, address 0xfec00000, GSI 0-23
[    0.000000] ACPI: INT_SRC_OVR (bus 0 bus_irq 0 global_irq 2 dfl dfl)
[    0.000000] ACPI: INT_SRC_OVR (bus 0 bus_irq 9 global_irq 9 low level)
[    0.000000] Using ACPI (MADT) for SMP configuration information
[    0.000000] smpboot: Allowing 2 CPUs, 0 hotplug CPUs
[    0.000000] PM: Registered nosave memory: [mem 0x00000000-0x00000fff]
[    0.000000] PM: Registered nosave memory: [mem 0x0009f000-0x0009ffff]
[    0.000000] PM: Registered nosave memory: [mem 0x000a0000-0x000effff]
[    0.000000] PM: Registered nosave memory: [mem 0x000f0000-0x000fffff]
[    0.000000] e820: [mem 0x40000000-0xfebfffff] available for PCI devices
[    0.000000] Booting paravirtualized kernel on KVM
[    0.000000] clocksource: refined-jiffies: mask: 0xffffffff max_cycles: 0xffffffff, max_idle_ns: 7645519600211568 ns
[    0.000000] random: get_random_bytes called from start_kernel+0x99/0x500 with crng_init=0
[    0.000000] setup_percpu: NR_CPUS:8192 nr_cpumask_bits:2 nr_cpu_ids:2 nr_node_ids:1
[    0.000000] percpu: Embedded 45 pages/cpu s147456 r8192 d28672 u1048576
[    0.000000] PV qspinlock hash table entries: 256 (order: 0, 4096 bytes)
[    0.000000] Built 1 zonelists, mobility grouping on.  Total pages: 257913
[    0.000000] Policy zone: DMA32
[    0.000000] Kernel command line: BOOT_IMAGE=/boot/vmlinuz-4.15.0-159-generic root=LABEL=cloudimg-rootfs ro console=tty1 console=ttyS0
[    0.000000] Memory: 982708K/1048120K available (12300K kernel code, 2483K rwdata, 4320K rodata, 2448K init, 2724K bss, 65412K reserved, 0K cma-reserved)
[    0.000000] SLUB: HWalign=64, Order=0-3, MinObjects=0, CPUs=2, Nodes=1
[    0.000000] Kernel/User page tables isolation: enabled
[    0.000000] ftrace: allocating 39471 entries in 155 pages
[    0.004000] Hierarchical RCU implementation.
[    0.004000] 	RCU restricting CPUs from NR_CPUS=8192 to nr_cpu_ids=2.
[    0.004000] 	Tasks RCU enabled.
[    0.004000] RCU: Adjusting geometry for rcu_fanout_leaf=16, nr_cpu_ids=2
[    0.004000] NR_IRQS: 524544, nr_irqs: 440, preallocated irqs: 16
[    0.004000] Console: colour VGA+ 80x25
[    0.004000] console [tty1] enabled
[    0.004000] console [ttyS0] enabled
[    0.004000] ACPI: Core revision 20170831
[    0.004000] ACPI: 2 ACPI AML tables successfully acquired and loaded
[    0.004000] APIC: Switch to symmetric I/O mode setup
[    0.004000] x2apic enabled
[    0.004021] Switched APIC routing to physical x2apic.
[    0.008000] ..TIMER: vector=0x30 apic1=0 pin1=2 apic2=-1 pin2=-1
[    0.008006] tsc: Detected 1696.072 MHz processor
[    0.012039] Calibrating delay loop (skipped) preset value.. 3392.14 BogoMIPS (lpj=6784288)
[    0.016009] pid_max: default: 32768 minimum: 301
[    0.018245] Security Framework initialized
[    0.020004] Yama: becoming mindful.
[    0.021760] AppArmor: AppArmor initialized
[    0.032108] Dentry cache hash table entries: 131072 (order: 8, 1048576 bytes)
[    0.036160] Inode-cache hash table entries: 65536 (order: 7, 524288 bytes)
[    0.040046] Mount-cache hash table entries: 2048 (order: 2, 16384 bytes)
[    0.044026] Mountpoint-cache hash table entries: 2048 (order: 2, 16384 bytes)
[    0.048752] Last level iTLB entries: 4KB 1024, 2MB 1024, 4MB 1024
[    0.052007] Last level dTLB entries: 4KB 1024, 2MB 1024, 4MB 1024, 1GB 4
[    0.056009] Spectre V1 : Mitigation: usercopy/swapgs barriers and __user pointer sanitization
[    0.059770] Spectre V2 : Mitigation: Full generic retpoline
[    0.060004] Spectre V2 : Spectre v2 / SpectreRSB mitigation: Filling RSB on context switch
[    0.064004] Speculative Store Bypass: Vulnerable
[    0.068075] SRBDS: Unknown: Dependent on hypervisor status
[    0.071363] MDS: Mitigation: Clear CPU buffers
[    0.072540] Freeing SMP alternatives memory: 36K
[    0.188754] smpboot: CPU0: Intel(R) Core(TM) i5-4210U CPU @ 1.70GHz (family: 0x6, model: 0x45, stepping: 0x1)
[    0.192235] Performance Events: unsupported p6 CPU model 69 no PMU driver, software events only.
[    0.196113] Hierarchical SRCU implementation.
[    0.201247] NMI watchdog: Perf event create on CPU 0 failed with -2
[    0.204010] NMI watchdog: Perf NMI watchdog permanently disabled
[    0.208160] smp: Bringing up secondary CPUs ...
[    0.211194] x86: Booting SMP configuration:
[    0.212010] .... node  #0, CPUs:      #1
[    0.004000] kvm-clock: cpu 1, msr 0:3ff44041, secondary cpu clock
[    0.224027] smp: Brought up 1 node, 2 CPUs
[    0.226970] smpboot: Max logical packages: 1
[    0.228017] smpboot: Total of 2 processors activated (6784.28 BogoMIPS)
[    0.232300] devtmpfs: initialized
[    0.236204] x86/mm: Memory block size: 128MB
[    0.240714] evm: security.selinux
[    0.242981] evm: security.SMACK64
[    0.244017] evm: security.SMACK64EXEC
[    0.248011] evm: security.SMACK64TRANSMUTE
[    0.252006] evm: security.SMACK64MMAP
[    0.254177] evm: security.apparmor
[    0.256004] evm: security.ima
[    0.260009] evm: security.capability
[    0.264230] clocksource: jiffies: mask: 0xffffffff max_cycles: 0xffffffff, max_idle_ns: 7645041785100000 ns
[    0.268043] futex hash table entries: 512 (order: 3, 32768 bytes)
[    0.272116] pinctrl core: initialized pinctrl subsystem
[    0.288005] RTC time:  1:49:23, date: 10/18/21
[    0.296032] NET: Registered protocol family 16
[    0.298610] audit: initializing netlink subsys (disabled)
[    0.300051] audit: type=2000 audit(1634521770.979:1): state=initialized audit_enabled=0 res=1
[    0.304008] cpuidle: using governor ladder
[    0.307018] cpuidle: using governor menu
[    0.308203] ACPI: bus type PCI registered
[    0.312013] acpiphp: ACPI Hot Plug PCI Controller Driver version: 0.5
[    0.316270] PCI: Using configuration type 1 for base access
[    0.324656] HugeTLB registered 2.00 MiB page size, pre-allocated 0 pages
[    0.328087] ACPI: Added _OSI(Module Device)
[    0.329975] ACPI: Added _OSI(Processor Device)
[    0.332014] ACPI: Added _OSI(3.0 _SCP Extensions)
[    0.334113] ACPI: Added _OSI(Processor Aggregator Device)
[    0.336020] ACPI: Added _OSI(Linux-Dell-Video)
[    0.340013] ACPI: Added _OSI(Linux-Lenovo-NV-HDMI-Audio)
[    0.344017] ACPI: Added _OSI(Linux-HPI-Hybrid-Graphics)
[    0.348665] ACPI: Executed 1 blocks of module-level executable AML code
[    0.373018] ACPI: Interpreter enabled
[    0.376115] ACPI: (supports S0 S5)
[    0.380011] ACPI: Using IOAPIC for interrupt routing
[    0.385327] PCI: Using host bridge windows from ACPI; if necessary, use "pci=nocrs" and report a bug
[    0.388713] ACPI: Enabled 2 GPEs in block 00 to 07
[    0.423541] ACPI: PCI Root Bridge [PCI0] (domain 0000 [bus 00-ff])
[    0.424022] acpi PNP0A03:00: _OSC: OS supports [ASPM ClockPM Segments MSI]
[    0.432586] acpi PNP0A03:00: _OSC: not requesting OS control; OS requires [ExtendedConfig ASPM ClockPM MSI]
[    0.436057] acpi PNP0A03:00: fail to add MMCONFIG information, can't access extended PCI configuration space under this bridge.
[    0.444347] PCI host bridge to bus 0000:00
[    0.446348] pci_bus 0000:00: root bus resource [io  0x0000-0x0cf7 window]
[    0.448014] pci_bus 0000:00: root bus resource [io  0x0d00-0xffff window]
[    0.452007] pci_bus 0000:00: root bus resource [mem 0x000a0000-0x000bffff window]
[    0.456015] pci_bus 0000:00: root bus resource [mem 0x40000000-0xfdffffff window]
[    0.460012] pci_bus 0000:00: root bus resource [bus 00-ff]
[    0.470130] pci 0000:00:01.1: legacy IDE quirk: reg 0x10: [io  0x01f0-0x01f7]
[    0.472007] pci 0000:00:01.1: legacy IDE quirk: reg 0x14: [io  0x03f6]
[    0.475075] pci 0000:00:01.1: legacy IDE quirk: reg 0x18: [io  0x0170-0x0177]
[    0.476011] pci 0000:00:01.1: legacy IDE quirk: reg 0x1c: [io  0x0376]
[    0.521374] pci 0000:00:07.0: quirk: [io  0x4000-0x403f] claimed by PIIX4 ACPI
[    0.524052] pci 0000:00:07.0: quirk: [io  0x4100-0x410f] claimed by PIIX4 SMB
[    0.565894] ACPI: PCI Interrupt Link [LNKA] (IRQs 5 9 10 *11)
[    0.569703] ACPI: PCI Interrupt Link [LNKB] (IRQs 5 9 *10 11)
[    0.576159] ACPI: PCI Interrupt Link [LNKC] (IRQs 5 *9 10 11)
[    0.580591] ACPI: PCI Interrupt Link [LNKD] (IRQs 5 9 10 *11)
[    0.584462] SCSI subsystem initialized
[    0.586646] pci 0000:00:02.0: vgaarb: setting as boot VGA device
[    0.587028] pci 0000:00:02.0: vgaarb: VGA device added: decodes=io+mem,owns=io+mem,locks=none
[    0.588029] pci 0000:00:02.0: vgaarb: bridge control possible
[    0.591104] vgaarb: loaded
[    0.592067] ACPI: bus type USB registered
[    0.593994] usbcore: registered new interface driver usbfs
[    0.596025] usbcore: registered new interface driver hub
[    0.600060] usbcore: registered new device driver usb
[    0.604131] EDAC MC: Ver: 3.0.0
[    0.608189] PCI: Using ACPI for IRQ routing
[    0.610670] NetLabel: Initializing
[    0.612007] NetLabel:  domain hash size = 128
[    0.614364] NetLabel:  protocols = UNLABELED CIPSOv4 CALIPSO
[    0.616076] NetLabel:  unlabeled traffic allowed by default
[    0.620122] clocksource: Switched to clocksource kvm-clock
[    0.723115] VFS: Disk quotas dquot_6.6.0
[    0.725054] VFS: Dquot-cache hash table entries: 512 (order 0, 4096 bytes)
[    0.731307] AppArmor: AppArmor Filesystem Enabled
[    0.734012] pnp: PnP ACPI init
[    0.739272] pnp: PnP ACPI: found 3 devices
[    0.756867] clocksource: acpi_pm: mask: 0xffffff max_cycles: 0xffffff, max_idle_ns: 2085701024 ns
[    0.762203] NET: Registered protocol family 2
[    0.765216] IP idents hash table entries: 16384 (order: 5, 131072 bytes)
[    0.799716] TCP established hash table entries: 8192 (order: 4, 65536 bytes)
[    0.802871] TCP bind hash table entries: 8192 (order: 5, 131072 bytes)
[    0.805816] TCP: Hash tables configured (established 8192 bind 8192)
[    0.809324] UDP hash table entries: 512 (order: 2, 16384 bytes)
[    0.816138] UDP-Lite hash table entries: 512 (order: 2, 16384 bytes)
[    0.826641] NET: Registered protocol family 1
[    0.831190] pci 0000:00:00.0: Limiting direct PCI/PCI transfers
[    0.834560] pci 0000:00:01.0: Activating ISA DMA hang workarounds
[    0.837469] pci 0000:00:02.0: Video device with shadowed ROM at [mem 0x000c0000-0x000dffff]
[    0.841587] Unpacking initramfs...
[    2.310719] Freeing initrd memory: 19528K
[    2.315406] clocksource: tsc: mask: 0xffffffffffffffff max_cycles: 0x1872a8bea72, max_idle_ns: 440795261668 ns
[    2.321259] platform rtc_cmos: registered platform RTC device (no PNP device found)
[    2.324706] Scanning for low memory corruption every 60 seconds
[    2.330918] Initialise system trusted keyrings
[    2.333397] Key type blacklist registered
[    2.335811] workingset: timestamp_bits=36 max_order=18 bucket_order=0
[    2.342736] zbud: loaded
[    2.346582] squashfs: version 4.0 (2009/01/31) Phillip Lougher
[    2.351164] fuse init (API version 7.26)
[    2.356231] Key type asymmetric registered
[    2.358470] Asymmetric key parser 'x509' registered
[    2.361578] Block layer SCSI generic (bsg) driver version 0.4 loaded (major 246)
[    2.366893] io scheduler noop registered
[    2.369048] io scheduler deadline registered
[    2.371135] io scheduler cfq registered (default)
[    2.373962] ACPI: AC Adapter [AC] (on-line)
[    2.376379] input: Power Button as /devices/LNXSYSTM:00/LNXPWRBN:00/input/input0
[    2.382481] ACPI: Power Button [PWRF]
[    2.385141] input: Sleep Button as /devices/LNXSYSTM:00/LNXSLPBN:00/input/input1
[    2.389001] ACPI: Sleep Button [SLPF]
[    2.395551] ACPI: Battery Slot [BAT0] (battery present)
[    2.398998] Serial: 8250/16550 driver, 32 ports, IRQ sharing enabled
[    2.424305] 00:02: ttyS0 at I/O 0x3f8 (irq = 4, base_baud = 115200) is a 16550A
[    2.436178] Linux agpgart interface v0.103
[    2.441348] loop: module loaded
[    2.447106] scsi host0: ata_piix
[    2.450149] scsi host1: ata_piix
[    2.452452] ata1: PATA max UDMA/33 cmd 0x1f0 ctl 0x3f6 bmdma 0xd000 irq 14
[    2.456321] ata2: PATA max UDMA/33 cmd 0x170 ctl 0x376 bmdma 0xd008 irq 15
[    2.461749] libphy: Fixed MDIO Bus: probed
[    2.465022] tun: Universal TUN/TAP device driver, 1.6
[    2.468648] PPP generic driver version 2.4.2
[    2.471390] ehci_hcd: USB 2.0 'Enhanced' Host Controller (EHCI) Driver
[    2.475328] ehci-pci: EHCI PCI platform driver
[    2.479973] ehci-platform: EHCI generic platform driver
[    2.483196] ohci_hcd: USB 1.1 'Open' Host Controller (OHCI) Driver
[    2.487393] ohci-pci: OHCI PCI platform driver
[    2.490390] ohci-platform: OHCI generic platform driver
[    2.498634] uhci_hcd: USB Universal Host Controller Interface driver
[    2.503464] i8042: PNP: PS/2 Controller [PNP0303:PS2K,PNP0f03:PS2M] at 0x60,0x64 irq 1,12
[    2.510264] serio: i8042 KBD port at 0x60,0x64 irq 1
[    2.514958] serio: i8042 AUX port at 0x60,0x64 irq 12
[    2.518630] mousedev: PS/2 mouse device common for all mice
[    2.523355] input: AT Translated Set 2 keyboard as /devices/platform/i8042/serio0/input/input2
[    2.524127] rtc_cmos rtc_cmos: rtc core: registered rtc_cmos as rtc0
[    2.533882] rtc_cmos rtc_cmos: alarms up to one day, 114 bytes nvram
[    2.537889] i2c /dev entries driver
[    2.540192] device-mapper: uevent: version 1.0.3
[    2.545573] device-mapper: ioctl: 4.37.0-ioctl (2017-09-20) initialised: dm-devel@redhat.com
[    2.551687] ledtrig-cpu: registered to indicate activity on CPUs
[    2.556410] NET: Registered protocol family 10
[    2.571601] Segment Routing with IPv6
[    2.574173] NET: Registered protocol family 17
[    2.577325] Key type dns_resolver registered
[    2.582647] mce: Using 0 MCE banks
[    2.585243] RAS: Correctable Errors collector initialized.
[    2.588465] sched_clock: Marking stable (2585184433, 0)->(3263677203, -678492770)
[    2.596236] registered taskstats version 1
[    2.599207] Loading compiled-in X.509 certificates
[    2.606284] Loaded X.509 cert 'Build time autogenerated kernel key: bf5768e0b2369bd53acb56866ca104cf5a2c379b'
[    2.613896] Loaded X.509 cert 'Canonical Ltd. Live Patch Signing: 14df34d1a87cf37625abec039ef2bf521249b969'
[    2.621164] Loaded X.509 cert 'Canonical Ltd. Kernel Module Signing: 88f752e560a1e0737e31163a466ad7b70a850c19'
[    2.629048] zswap: loaded using pool lzo/zbud
[    2.672346] Key type big_key registered
[    2.674234] Key type trusted registered
[    2.683288] Key type encrypted registered
[    2.685775] AppArmor: AppArmor sha1 policy hashing enabled
[    2.688506] ima: No TPM chip found, activating TPM-bypass! (rc=-19)
[    2.691192] ima: Allocated hash algorithm: sha1
[    2.693485] evm: HMAC attrs: 0x1
[    2.697309]   Magic number: 9:268:812
[    2.700102] rtc_cmos rtc_cmos: setting system clock to 2021-10-18 01:49:25 UTC (1634521765)
[    2.704108] BIOS EDD facility v0.16 2004-Jun-25, 0 devices found
[    2.706686] EDD information not available.
[    2.726588] Freeing unused kernel image memory: 2448K
[    2.748107] Write protecting the kernel read-only data: 20480k
[    2.753019] Freeing unused kernel image memory: 2008K
[    2.755894] Freeing unused kernel image memory: 1824K
[    2.808322] x86/mm: Checked W+X mappings: passed, no W+X pages found.
[    2.812997] x86/mm: Checking user space page tables
[    2.869495] x86/mm: Checked W+X mappings: passed, no W+X pages found.
Loading, please wait...
starting version 237
[    3.153336] Fusion MPT base driver 3.04.20
[    3.156950] Copyright (c) 1999-2008 LSI Corporation
[    3.169621] e1000: Intel(R) PRO/1000 Network Driver - version 7.3.21-k8-NAPI
[    3.173861] e1000: Copyright (c) 1999-2006 Intel Corporation.
[    3.189181] AVX2 version of gcm_enc/dec engaged.
[    3.192187] AES CTR mode by8 optimization enabled
[    3.207501] Fusion MPT SPI Host driver 3.04.20
[    3.365616] input: ImExPS/2 Generic Explorer Mouse as /devices/platform/i8042/serio1/input/input4
[    3.882547] e1000 0000:00:03.0 eth0: (PCI:33MHz:32-bit) 02:2f:77:f1:0c:e0
[    3.886347] e1000 0000:00:03.0 eth0: Intel(R) PRO/1000 Network Connection
[    4.534050] e1000 0000:00:08.0 eth1: (PCI:33MHz:32-bit) 08:00:27:f5:6a:f1
[    4.540992] e1000 0000:00:08.0 eth1: Intel(R) PRO/1000 Network Connection
[    4.551038] e1000 0000:00:08.0 enp0s8: renamed from eth1
[    4.563371] mptbase: ioc0: Initiating bringup
[    4.581844] e1000 0000:00:03.0 enp0s3: renamed from eth0
[    4.672940] ioc0: LSI53C1030 A0: Capabilities={Initiator}
[    4.919982] scsi host2: ioc0: LSI53C1030 A0, FwRev=00000000h, Ports=1, MaxQ=256, IRQ=20
[    5.088912] scsi 2:0:0:0: Direct-Access     VBOX     HARDDISK         1.0  PQ: 0 ANSI: 5
[    5.124923] scsi target2:0:0: Beginning Domain Validation
[    5.133109] scsi target2:0:0: Domain Validation skipping write tests
[    5.136471] scsi target2:0:0: Ending Domain Validation
[    5.139969] scsi target2:0:0: asynchronous
[    5.143844] scsi 2:0:1:0: Direct-Access     VBOX     HARDDISK         1.0  PQ: 0 ANSI: 5
[    5.180247] scsi target2:0:1: Beginning Domain Validation
[    5.184653] random: fast init done
[    5.189567] scsi target2:0:1: Domain Validation skipping write tests
[    5.192993] scsi target2:0:1: Ending Domain Validation
[    5.197217] scsi target2:0:1: asynchronous
[    5.209057] random: systemd-udevd: uninitialized urandom read (16 bytes read)
[    5.218580] random: systemd-udevd: uninitialized urandom read (16 bytes read)
[    5.222309] sd 2:0:0:0: Attached scsi generic sg0 type 0
[    5.225185] random: systemd-udevd: uninitialized urandom read (16 bytes read)
[    5.231576] sd 2:0:0:0: [sda] 83886080 512-byte logical blocks: (42.9 GB/40.0 GiB)
[    5.236153] sd 2:0:1:0: Attached scsi generic sg1 type 0
[    5.236254] sd 2:0:0:0: [sda] Write Protect is off
[    5.243999] sd 2:0:1:0: [sdb] 20480 512-byte logical blocks: (10.5 MB/10.0 MiB)
[    5.249997] sd 2:0:1:0: [sdb] Write Protect is off
[    5.250034] sd 2:0:0:0: [sda] Incomplete mode parameter data
[    5.257039] sd 2:0:0:0: [sda] Assuming drive cache: write through
[    5.257287] sd 2:0:1:0: [sdb] Incomplete mode parameter data
[    5.266362] sd 2:0:1:0: [sdb] Assuming drive cache: write through
[    5.272396]  sda: sda1
[    5.273919] sd 2:0:1:0: [sdb] Attached SCSI disk
[    5.279649] sd 2:0:0:0: [sda] Attached SCSI disk
Begin: Loading essential drivers ... [    8.080407] raid6: sse2x1   gen()  1647 MB/s
[    8.129061] raid6: sse2x1   xor()  1158 MB/s
[    8.180214] raid6: sse2x2   gen()  3537 MB/s
[    8.228214] raid6: sse2x2   xor()  1698 MB/s
[    8.281994] raid6: sse2x4   gen()  3645 MB/s
[    8.332073] raid6: sse2x4   xor()  1747 MB/s
[    8.380249] raid6: avx2x1   gen()  2842 MB/s
[    8.428246] raid6: avx2x1   xor()  1852 MB/s
[    8.476206] raid6: avx2x2   gen()  4591 MB/s
[    8.528903] raid6: avx2x2   xor()  3560 MB/s
[    8.580155] raid6: avx2x4   gen()  8613 MB/s
[    8.628937] raid6: avx2x4   xor()  4491 MB/s
[    8.632048] raid6: using algorithm avx2x4 gen() 8613 MB/s
[    8.634573] raid6: .... xor() 4491 MB/s, rmw enabled
[    8.636780] raid6: using avx2x2 recovery algorithm
[    8.641355] xor: automatically using best checksumming function   avx       
[    8.649478] async_tx: api initialized (async)
done.
Begin: Running /scripts/init-premount ... done.
Begin: Mounting root file system ... Begin: Running /scripts/local-top ... done.
Begin: Running /scripts/local-premount ... [    8.847234] Btrfs loaded, crc32c=crc32c-intel
Scanning for Btrfs filesystems
done.
Warning: fsck not present, so skipping root file system
[    8.931622] EXT4-fs (sda1): mounted filesystem with ordered data mode. Opts: (null)
done.
Begin: Running /scripts/local-bottom ... done.
Begin: Running /scripts/init-bottom ... done.
[    9.252288] ip_tables: (C) 2000-2006 Netfilter Core Team
[    9.272458] systemd[1]: systemd 237 running in system mode. (+PAM +AUDIT +SELINUX +IMA +APPARMOR +SMACK +SYSVINIT +UTMP +LIBCRYPTSETUP +GCRYPT +GNUTLS +ACL +XZ +LZ4 +SECCOMP +BLKID +ELFUTILS +KMOD -IDN2 +IDN -PCRE2 default-hierarchy=hybrid)
[    9.284525] systemd[1]: Detected virtualization oracle.
[    9.287079] systemd[1]: Detected architecture x86-64.

Welcome to [1mUbuntu 18.04.6 LTS[0m!

[    9.300332] systemd[1]: Set hostname to <ubuntu>.
[    9.306325] systemd[1]: Initializing machine ID from random generator.
[    9.310262] systemd[1]: Installed transient /etc/machine-id file.
[    9.901787] systemd[1]: Reached target User and Group Name Lookups.
[[0;32m  OK  [0m] Reached target User and Group Name Lookups.
[    9.910436] systemd[1]: Created slice User and Session Slice.
[[0;32m  OK  [0m] Created slice User and Session Slice.
[    9.919029] systemd[1]: Created slice System Slice.
[[0;32m  OK  [0m] Created slice System Slice.
[    9.923055] systemd[1]: Listening on Journal Socket.
[[0;32m  OK  [0m] Listening on Journal Socket.
         Mounting Kernel Debug File System...
[[0;32m  OK  [0m] Created slice system-serial\x2dgetty.slice.
[[0;32m  OK  [0m] Listening on /dev/initctl Compatibility Named Pipe.
[[0;32m  OK  [0m] Listening on LVM2 poll daemon socket.
[[0;32m  OK  [0m] Listening on LVM2 metadata daemon socket.
[[0;32m  OK  [0m] Listening on fsck to fsckd communication Socket.
         Mounting POSIX Message Queue File System...
[[0;32m  OK  [0m] Listening on Syslog Socket.
[[0;32m  OK  [0m] Listening on Journal Audit Socket.
[[0;32m  OK  [0m] Listening on Journal Socket (/dev/log).
[[0;32m  OK  [0m] Listening on udev Kernel Socket.
         Starting Create list of required stâ€¦ce nodes for the current kernel...
[[0;32m  OK  [0m] Set up automount Arbitrary Executabâ€¦rmats File System Automount Point.
[[0;32m  OK  [0m] Started Forward Password Requests to Wall Directory Watch.
[[0;32m  OK  [0m] Reached target Swap.
         Starting Uncomplicated firewall...
[[0;32m  OK  [0m] Listening on udev Control Socket.
         Starting udev Coldplug all Devices...
[[0;32m  OK  [0m] Listening on Network Service Netlink Socket.
         Starting Set the console keyboard layout...
         Starting Load Kernel Modules...
[[0;32m  OK  [0m] Reached target System Time Synchronized.
[[0;32m  OK  [0m] Reached target Slices.
         Mounting Huge Pages File System...
         Starting File System Check on Root Device...
[[0;32m  OK  [0m] Listening on Device-mapper event daemon FIFOs.
[   10.096626] Loading iSCSI transport class v2.0-870.
         Starting Monitoring of LVM2 mirrorsâ€¦ng dmeventd or progress polling...
         Starting Journal Service...
[[0;32m  OK  [0m] Mounted Kernel Debug File System.
[[0;32m  OK  [0m] Mounted POSIX Message Queue File System.
[[0;32m  OK  [0m] Started Create list of required staâ€¦vice nodes for the current kernel.
[[0;32m  OK  [0m] Started Uncomplicated firewall.
[[0;32m  OK  [0m] Mounted Huge Pages File System.
[[0;32m  OK  [0m] Started File System Check Daemon to report status.
         Starting Create Static Device Nodes in /dev...
[[0;32m  OK  [0m] Started Create Static Device Nodes in /dev.
[[0;32m  OK  [0m] Started udev Coldplug all Devices.
[   10.358951] iscsi: registered transport (tcp)
[[0;32m  OK  [0m] Started LVM2 metadata daemon.
[[0;32m  OK  [0m] Started File System Check on Root Device.
         Starting Remount Root and Kernel File Systems...
[[0;32m  OK  [0m] Started Journal Service.
[   10.448503] EXT4-fs (sda1): re-mounted. Opts: (null)
[[0;32m  OK  [0m] Started Remount Root and Kernel File Systems.
         Starting udev Kernel Device Manager...
         Starting Flush Journal to Persistent Storage...
         Starting Load/Save Random Seed...
[[0;32m  OK  [0m] Started Monitoring of LVM2 mirrors,â€¦sing dmeventd or progress polling.
[   10.524532] systemd-journald[413]: Received request to flush runtime journal from PID 1
[[0;32m  OK  [0m] Started udev Kernel Device Manager.
[[0;32m  OK  [0m] Started Load/Save Random Seed.
[   10.663128] iscsi: registered transport (iser)
[[0;32m  OK  [0m] Started Load Kernel Modules.
         Starting Apply Kernel Variables...
         Mounting Kernel Configuration File System...
         Mounting FUSE Control File System...
[[0;32m  OK  [0m] Started Flush Journal to Persistent Storage.
[[0;32m  OK  [0m] Mounted Kernel Configuration File System.
[[0;32m  OK  [0m] Mounted FUSE Control File System.
[[0;32m  OK  [0m] Started Apply Kernel Variables.
[[0;32m  OK  [0m] Started Set the console keyboard layout.
[[0;32m  OK  [0m] Started Dispatch Password Requests to Console Directory Watch.
[[0;32m  OK  [0m] Reached target Local Encrypted Volumes.
[[0;32m  OK  [0m] Reached target Local File Systems (Pre).
[[0;32m  OK  [0m] Reached target Local File Systems.
         Starting Tell Plymouth To Write Out Runtime Data...
         Starting ebtables ruleset management...
         Starting Commit a transient machine-id on disk...
         Starting AppArmor initialization...
         Starting Set console font and keymap...
         Starting Create Volatile Files and Directories...
[[0;32m  OK  [0m] Started Tell Plymouth To Write Out Runtime Data.
[[0;32m  OK  [0m] Started Set console font and keymap.
[[0;32m  OK  [0m] Started Create Volatile Files and Directories.
         Starting Update UTMP about System Boot/Shutdown...
[[0;32m  OK  [0m] Started Commit a transient machine-id on disk.
[[0;32m  OK  [0m] Started Update UTMP about System Boot/Shutdown.
[[0;32m  OK  [0m] Started ebtables ruleset management.
[[0;32m  OK  [0m] Found device /dev/ttyS0.
[[0;32m  OK  [0m] Listening on Load/Save RF Kill Switch Status /dev/rfkill Watch.
[[0;32m  OK  [0m] Started AppArmor initialization.
         Starting Initial cloud-init job (pre-networking)...
         Starting Load AppArmor profiles managed internally by snapd...
[[0;32m  OK  [0m] Started Load AppArmor profiles managed internally by snapd.
[   20.584806] cloud-init[567]: Cloud-init v. 21.2-3-g899bfaa9-0ubuntu2~18.04.1 running 'init-local' at Mon, 18 Oct 2021 01:49:42 +0000. Up 19.35 seconds.
[[0;32m  OK  [0m] Started Initial cloud-init job (pre-networking).
[[0;32m  OK  [0m] Reached target Network (Pre).
         Starting Network Service...
[[0;32m  OK  [0m] Started Network Service.
         Starting Network Name Resolution...
         Starting Wait for Network to be Configured...
[[0;32m  OK  [0m] Started Network Name Resolution.
[[0;32m  OK  [0m] Reached target Network.
[[0;32m  OK  [0m] Reached target Host and Network Name Lookups.
[[0;32m  OK  [0m] Started Wait for Network to be Configured.
         Starting Initial cloud-init job (metadata service crawler)...
[   25.063557] cloud-init[696]: Cloud-init v. 21.2-3-g899bfaa9-0ubuntu2~18.04.1 running 'init' at Mon, 18 Oct 2021 01:49:47 +0000. Up 24.30 seconds.
[   25.069457] cloud-init[696]: ci-info: ++++++++++++++++++++++++++++++++++++++Net device info++++++++++++++++++++++++++++++++++++++
[   25.074181] cloud-init[696]: ci-info: +--------+-------+---------------------------+---------------+--------+-------------------+
[   25.083570] cloud-init[696]: ci-info: | Device |   Up  |          Address          |      Mask     | Scope  |     Hw-Address    |
[   25.089649] cloud-init[696]: ci-info: +--------+-------+---------------------------+---------------+--------+-------------------+
[   25.099646] cloud-init[696]: ci-info: | enp0s3 |  True |         10.0.2.15         | 255.255.255.0 | global | 02:2f:77:f1:0c:e0 |
[   25.104718] cloud-init[696]: ci-info: | enp0s3 |  True | fe80::2f:77ff:fef1:ce0/64 |       .       |  link  | 02:2f:77:f1:0c:e0 |
[   25.114918] cloud-init[696]: ci-info: | enp0s8 | False |             .             |       .       |   .    | 08:00:27:f5:6a:f1 |
[   25.119416] cloud-init[696]: ci-info: |   lo   |  True |         127.0.0.1         |   255.0.0.0   |  host  |         .         |
[   25.123205] cloud-init[696]: ci-info: |   lo   |  True |          ::1/128          |       .       |  host  |         .         |
[   25.129664] cloud-init[696]: ci-info: +--------+-------+---------------------------+---------------+--------+-------------------+
[   25.133445] cloud-init[696]: ci-info: ++++++++++++++++++++++++++++Route IPv4 info+++++++++++++++++++++++++++++
[   25.138001] cloud-init[696]: ci-info: +-------+-------------+----------+-----------------+-----------+-------+
[   25.156282] cloud-init[696]: ci-info: | Route | Destination | Gateway  |     Genmask     | Interface | Flags |
[   25.161766] cloud-init[696]: ci-info: +-------+-------------+----------+-----------------+-----------+-------+
[   25.166774] cloud-init[696]: ci-info: |   0   |   0.0.0.0   | 10.0.2.2 |     0.0.0.0     |   enp0s3  |   UG  |
[   25.170600] cloud-init[696]: ci-info: |   1   |   10.0.2.0  | 0.0.0.0  |  255.255.255.0  |   enp0s3  |   U   |
[   25.174206] cloud-init[696]: ci-info: |   2   |   10.0.2.2  | 0.0.0.0  | 255.255.255.255 |   enp0s3  |   UH  |
[   25.188346] cloud-init[696]: ci-info: +-------+-------------+----------+-----------------+-----------+-------+
[   25.194608] cloud-init[696]: ci-info: +++++++++++++++++++Route IPv6 info+++++++++++++++++++
[   25.198715] cloud-init[696]: ci-info: +-------+-------------+---------+-----------+-------+
[   25.204960] cloud-init[696]: ci-info: | Route | Destination | Gateway | Interface | Flags |
[   25.208764] cloud-init[696]: ci-info: +-------+-------------+---------+-----------+-------+
[   25.224369] cloud-init[696]: ci-info: |   1   |  fe80::/64  |    ::   |   enp0s3  |   U   |
[   25.230005] cloud-init[696]: ci-info: |   3   |    local    |    ::   |   enp0s3  |   U   |
[   25.234057] cloud-init[696]: ci-info: |   4   |   ff00::/8  |    ::   |   enp0s3  |   U   |
[   25.238627] cloud-init[696]: ci-info: +-------+-------------+---------+-----------+-------+
[   26.854455] cloud-init[696]: Generating public/private rsa key pair.
[   26.859243] cloud-init[696]: Your identification has been saved in /etc/ssh/ssh_host_rsa_key.
[   26.864345] cloud-init[696]: Your public key has been saved in /etc/ssh/ssh_host_rsa_key.pub.
[   26.867180] cloud-init[696]: The key fingerprint is:
[   26.870201] cloud-init[696]: SHA256:7ymXtaHZtyAMbfEbhp71MBHgryPjsV0ZzAsUxL5i7jI root@ubuntu-bionic
[   26.874042] cloud-init[696]: The key's randomart image is:
[   26.878569] cloud-init[696]: +---[RSA 2048]----+
[   26.893823] cloud-init[696]: |         o+..    |
[   26.896202] cloud-init[696]: |         ... .   |
[   26.898877] cloud-init[696]: |         .+ .    |
[   26.901141] cloud-init[696]: |         o.B .   |
[   26.916506] cloud-init[696]: |        S =.%    |
[   26.920457] cloud-init[696]: |        o*.*oX   |
[   26.923826] cloud-init[696]: |       o+.O**o.  |
[   26.928565] cloud-init[696]: |      E.oB==o..  |
[   26.931165] cloud-init[696]: |       ++o+  ... |
[   26.933029] cloud-init[696]: +----[SHA256]-----+
[   26.935319] cloud-init[696]: Generating public/private dsa key pair.
[   26.938467] cloud-init[696]: Your identification has been saved in /etc/ssh/ssh_host_dsa_key.
[   26.941778] cloud-init[696]: Your public key has been saved in /etc/ssh/ssh_host_dsa_key.pub.
[   26.960996] cloud-init[696]: The key fingerprint is:
[   26.963901] cloud-init[696]: SHA256:yXm5zAK2rEDsibb+qUcZ4o10PsEEk8QcppnkkPtJWrQ root@ubuntu-bionic
[   26.968503] cloud-init[696]: The key's randomart image is:
[   26.972238] cloud-init[696]: +---[DSA 1024]----+
[   26.974610] cloud-init[696]: |=O+              |
[   26.978075] cloud-init[696]: |B*o.             |
[   26.980903] cloud-init[696]: |++o.             |
[   26.984473] cloud-init[696]: |.+E=   . o .     |
[   26.986529] cloud-init[696]: |o=O.+ o S o      |
[   26.990597] cloud-init[696]: |.*oB o o + .     |
[   26.996848] cloud-init[696]: |..= . o . +      |
[   26.999752] cloud-init[696]: |. .o..   .       |
[   27.002220] cloud-init[696]: |.++o.            |
[   27.004873] cloud-init[696]: +----[SHA256]-----+
[   27.006893] cloud-init[696]: Generating public/private ecdsa key pair.
[   27.012520] cloud-init[696]: Your identification has been saved in /etc/ssh/ssh_host_ecdsa_key.
[   27.021587] cloud-init[696]: Your public key has been saved in /etc/ssh/ssh_host_ecdsa_key.pub.
[   27.025393] cloud-init[696]: The key fingerprint is:
[   27.028843] cloud-init[696]: SHA256:9Y45c9ofRNGtwxXAsaBkI+ifLqEzqOJuNPvRJp6oO5k root@ubuntu-bionic
[   27.036961] cloud-init[696]: The key's randomart image is:
[   27.040650] cloud-init[696]: +---[ECDSA 256]---+
[   27.044375] cloud-init[696]: |      .. + ..o+oo|
[   27.047030] cloud-init[696]: |     .  + o ....+|
[   27.050524] cloud-init[696]: |    .    ..  o.o |
[   27.065492] [[0;32m  OK  [0m] Started Initial cloud-init job (metadata service crawler).
cloud-init[696]: |     .   . . .+  |
[[0;32m  OK  [0m] Reached target Cloud-config availability.
[[   27.072209] [0;32m  OK  [0mcloud-init] [696]: Reached target System Initialization.|      . S   . .. |

[   27.079209] cloud-init[696]: | o  .. o   + .   |
[   27.081739] cloud-init[696]: |.o+o.oo   = o .  |
[   27.084649]          Starting Socket activation for snappy daemon.
cloud-init[696]: |E+o+=. .   *   . |
[   27.089132] cloud-init[696]: |@*.+o .   . ...  |
[   27.090814] cloud-init[696]: +----[SHA256]-----+
[   27.095547] cloud-init[696]: Generating public/private ed25519 key pair.
[[0;32m  OK  [0m] Started Daily apt download activities.
[[0;32m  OK  [0m] Started Daily apt upgrade and clean activities.
[   27.102466] cloud-init[696]: Your identification has been saved in /etc/ssh/ssh_host_ed25519_key.
[   27.114960] cloud-init[696]: Your public key has been saved in /etc/ssh/ssh_host_ed25519_key.pub.
[   27.128554] cloud-init[696]: The key fingerprint is:
[[   27.131271] cloud-init[696]: [0;32m  OK  [0mSHA256:lNOHUb+7GFRdmGp4A25DjNjHfm3xwnGQ7gUyg7E/3Vc root@ubuntu-bionic] 
Started ACPI Events Check.
[   27.135903] cloud-init[696]: The key's randomart image is:
[[   27.138114] cloud-init[696]: +--[ED25519 256]--+
[   27.138442] cloud-init[696]: |       o +o+. .=.|
[   27.140219] cloud-init[696]: |      . ooB++.B.o|[0;32m  OK  [0m
] Started Discard unused blocks once a week.
[[   27.148212] cloud-init[696]: |        +=+o.Oo*E|
[   27.151897] cloud-init[696]: |       . .*o*o*o+|
[   27.152795] cloud-init[696]: |        S. =++ooo|
[0;32m  OK  [0m] Started Daily Cleanup of Temporary Directories.
[[0;32m  OK  [0m] Started Message of the Day.
[[0;32m  OK  [0m] Listening on D-Bus System Message Bus Socket.
[   27.152943] [[0;32m  OK  [0m] Reached target Paths.
[[0;32m  OK  [0m] Listening on UUID daemon activation socket.
[[0;32m  OK  [0m] Listening on Open-iSCSI iscsid Socket.
cloud-init[696]: |           . ....|
         Starting LXD - unix socket.
[[0;32m  OK  [0m] Started Ubuntu Advantage update messaging.
[[0;32m  OK  [0m] Reached target Timers.
[[0;32m  OK  [0m] Listening on ACPID Listen Socket.
[[0;32m  OK  [0m] Reached target Network is Online.
[[0;32m  OK  [0m] Reached target Remote File Systems (Pre).
[[0;32m  OK  [0m] Reached target Remote File Systems.
         Starting Availability of block devices...
[[0;32m  OK  [0m] Listening on Socket activation for snappy daemon.
[[0;32m  OK  [0m] Listening on LXD - unix socket.
[[0;32m  OK  [0m] Reached target Sockets.
[[0;32m  OK  [0m] Reached target Basic System.
[   27.201607] cloud-init[696]: |            . .  |
[   27.214388] cloud-init         Starting Virtualbox guest utils...
[696]: |             o . |
         Starting LXD - container startup/shutdown...
[[0;32m  OK  [0m] Started Deferred execution scheduler.
[   27.233361] cloud-init[696]: |            . .  |
[[0;32m  OK  [0m] Started FUSE filesystem for LXC.
[   27.269909] cloud-init[696]: +----[SHA256]-----+
         Starting Permit User Sessions...
         Starting Pollinate to seed the pseudo random number generator...
         Starting Dispatcher daemon for systemd-networkd...
         Starting Accounts Service...
[[0;32m  OK  [0m] Started irqbalance daemon.
[[0;32m  OK  [0m] Started Regular background program processing daemon.
         Starting System Logging Service...
[[0;32m  OK  [0m] Started D-Bus System Message Bus.
         Starting Login Service...
         Starting LSB: Record successful boot for GRUB...
         Starting LSB: automatic crash report generation...
         Starting Snap Daemon...
[[0;32m  OK  [0m] Started System Logging Service.
[[0;32m  OK  [0m] Started Availability of block devices.
[[0;32m  OK  [0m] Started Permit User Sessions.
         Starting Terminate Plymouth Boot Screen...
         Starting Hold until boot process finishes up...
[[0;32m  OK  [0m] Started Terminate Plymouth Boot Screen.
[[0;32m  OK  [0m] Started Hold until boot process finishes up.
         Starting Authorization Manager...
[[0;32m  OK  [0m] Started Serial Getty on ttyS0.
         Starting Set console scheme...
[[0;32m  OK  [0m] Started Set console scheme.
[[0;32m  OK  [0m] Created slice system-getty.slice.
[[0;32m  OK  [0m] Started Getty on tty1.
[[0;32m  OK  [0m] Reached target Login Prompts.
[[0;32m  OK  [0m] Started LXD - container startup/shutdown.
[[0;32m  OK  [0m] Started Authorization Manager.
[[0;32m  OK  [0m] Started Login Service.
[[0;32m  OK  [0m] Started Accounts Service.
[[0;32m  OK  [0m] Started Unattended Upgrades Shutdown.
[[0;32m  OK  [0m] Started LSB: automatic crash report generation.
[[0;32m  OK  [0m] Started LSB: Record successful boot for GRUB.
[[0;32m  OK  [0m] Started Virtualbox guest utils.
[[0;32m  OK  [0m] Started Dispatcher daemon for systemd-networkd.
[[0;32m  OK  [0m] Started Snap Daemon.
         Starting Wait until snapd is fully seeded...
[[0;32m  OK  [0m] Started Pollinate to seed the pseudo random number generator.
         Starting OpenBSD Secure Shell server...
[[0;32m  OK  [0m] Started OpenBSD Secure Shell server.
[[0;32m  OK  [0m] Created slice User Slice of vagrant.
         Starting User Manager for UID 1000...
[[0;32m  OK  [0m] Started Session 1 of user vagrant.
[[0;32m  OK  [0m] Started User Manager for UID 1000.

Ubuntu 18.04.6 LTS ubuntu-bionic ttyS0

ubuntu-bionic login: [   40.686893] cloud-init[1270]: Cloud-init v. 21.2-3-g899bfaa9-0ubuntu2~18.04.1 running 'modules:config' at Mon, 18 Oct 2021 01:50:01 +0000. Up 38.99 seconds.
ci-info: no authorized SSH keys fingerprints found for user ubuntu.
<14>Oct 18 01:50:06 cloud-init: #############################################################
<14>Oct 18 01:50:06 cloud-init: -----BEGIN SSH HOST KEY FINGERPRINTS-----
<14>Oct 18 01:50:06 cloud-init: 1024 SHA256:yXm5zAK2rEDsibb+qUcZ4o10PsEEk8QcppnkkPtJWrQ root@ubuntu-bionic (DSA)
<14>Oct 18 01:50:06 cloud-init: 256 SHA256:9Y45c9ofRNGtwxXAsaBkI+ifLqEzqOJuNPvRJp6oO5k root@ubuntu-bionic (ECDSA)
<14>Oct 18 01:50:06 cloud-init: 256 SHA256:lNOHUb+7GFRdmGp4A25DjNjHfm3xwnGQ7gUyg7E/3Vc root@ubuntu-bionic (ED25519)
<14>Oct 18 01:50:06 cloud-init: 2048 SHA256:7ymXtaHZtyAMbfEbhp71MBHgryPjsV0ZzAsUxL5i7jI root@ubuntu-bionic (RSA)
<14>Oct 18 01:50:06 cloud-init: -----END SSH HOST KEY FINGERPRINTS-----
<14>Oct 18 01:50:06 cloud-init: #############################################################
-----BEGIN SSH HOST KEY KEYS-----
ecdsa-sha2-nistp256 AAAAE2VjZHNhLXNoYTItbmlzdHAyNTYAAAAIbmlzdHAyNTYAAABBBIoGTAzkdPVVf1TbZ+wlQRdxGTjrBJeLXCvs7CJyND3oxQlXimhwcK9cBXuv4MQGu1INzBkv+yfepmUCf1awr/E= root@ubuntu-bionic
ssh-ed25519 AAAAC3NzaC1lZDI1NTE5AAAAIKE4pxVs11/iiqClnrGaTzH/om0GIrFsMeXD/PFursHh root@ubuntu-bionic
ssh-rsa AAAAB3NzaC1yc2EAAAADAQABAAABAQC996iN0P1D2kU/o9s+VVe9KqoXYo6Cb9vaEDcikCmbOqQCbDZhK7S2gG7k4pPKRRXPPb8o/4z1JfHUaWs7kJi3j+6hZNw2fJGPv/a7fEjk0mVzI7e7VoEI84qnT+wmbyZ+0t5qJaL9oTX9km590LnrnE6Zbv2zr1nKXuhcUVoEaQl1QyAQuMZAOogsipcjeTnPoIhhHJa/AeFxBNi8rA5BITzzENDlLAbr5cskyV9HIdZRqRcxaSkLouWToe9AdZRBFGqAtQhqKp6wTk2NUDEAniGerhc7t/H/snBxHC7PhckVx1aopgPijIhUYrRFweTUSBVpA75C0ZsxtY6AgmKn root@ubuntu-bionic
-----END SSH HOST KEY KEYS-----
[   43.389148] cloud-init[1451]: Cloud-init v. 21.2-3-g899bfaa9-0ubuntu2~18.04.1 running 'modules:final' at Mon, 18 Oct 2021 01:50:05 +0000. Up 42.74 seconds.
[   43.390764] cloud-init[1451]: ci-info: no authorized SSH keys fingerprints found for user ubuntu.
[   43.393227] cloud-init[1451]: Cloud-init v. 21.2-3-g899bfaa9-0ubuntu2~18.04.1 finished at Mon, 18 Oct 2021 01:50:06 +0000. Datasource DataSourceNoCloud [seed=/dev/sdb][dsmode=net].  Up 43.35 seconds
